\BOOKMARK [1][-]{section.1}{\376\377\000G\000i\000r\000i\001\137\000:\000\040\000N\000e\000d\000e\000n\000\040\000A\000d\000a\000p\000t\000i\000f\000\040\000K\000o\000n\000t\000r\000o\000l\000?}{}% 1
\BOOKMARK [1][-]{section.2}{\376\377\000S\000i\000s\000t\000e\000m\000\040\000M\000o\000d\000e\000l\000i}{}% 2
\BOOKMARK [2][-]{subsection.2.1}{\376\377\000F\000i\000z\000i\000k\000s\000e\000l\000\040\000Y\000a\000p\001\061}{section.2}% 3
\BOOKMARK [2][-]{subsection.2.2}{\376\377\000D\000u\000r\000u\000m\000\040\000U\000z\000a\000y\001\061\000\040\000G\000\366\000s\000t\000e\000r\000i\000m\000i}{section.2}% 4
\BOOKMARK [2][-]{subsection.2.3}{\376\377\000H\000i\000d\000r\000o\000l\000i\000k\000\040\000S\000e\000r\000t\000l\000i\000k\000\040\000P\000r\000o\000b\000l\000e\000m\000i}{section.2}% 5
\BOOKMARK [1][-]{section.3}{\376\377\000R\000e\000f\000e\000r\000a\000n\000s\000\040\000M\000o\000d\000e\000l\000\040\000T\000a\000s\000a\000r\001\061\000m\001\061}{}% 6
\BOOKMARK [2][-]{subsection.3.1}{\376\377\000K\000u\000t\000u\000p\000\040\000Y\000e\000r\000l\000e\001\137\000t\000i\000r\000m\000e\000\040\000i\000l\000e\000\040\000A\000m\000\040\000v\000e\000\040\000B\000m\000\040\000T\000a\000s\000a\000r\001\061\000m\001\061}{section.3}% 7
\BOOKMARK [2][-]{subsection.3.2}{\376\377\000B\000a\001\137\000l\000a\000n\000g\001\061\000\347\000\040\000K\000o\001\137\000u\000l\000l\000a\000r\001\061\000n\001\061\000n\000\040\000\326\000n\000e\000m\000i}{section.3}% 8
\BOOKMARK [1][-]{section.4}{\376\377\000M\000R\000A\000C\000\040\000K\000o\000n\000t\000r\000o\000l\000\040\000K\000u\000r\000a\000l\001\061}{}% 9
\BOOKMARK [2][-]{subsection.4.1}{\376\377\000K\000o\000n\000t\000r\000o\000l\000\040\000S\000i\000n\000y\000a\000l\000i\000n\000i\000n\000\040\000Y\000a\000p\001\061\000s\001\061}{section.4}% 10
\BOOKMARK [2][-]{subsection.4.2}{\376\377\001\060\000z\000l\000e\000m\000e\000\040\000H\000a\000t\000a\000s\001\061}{section.4}% 11
\BOOKMARK [2][-]{subsection.4.3}{\376\377\000E\001\137\000l\000e\001\137\000m\000e\000\040\000K\000o\001\137\000u\000l\000u\000\040\000\050\000M\000a\000t\000c\000h\000i\000n\000g\000\040\000C\000o\000n\000d\000i\000t\000i\000o\000n\000\051}{section.4}% 12
\BOOKMARK [2][-]{subsection.4.4}{\376\377\000N\000o\000m\000i\000n\000a\000l\000\040\001\060\000l\000e\000r\000i\000\040\000B\000e\000s\000l\000e\000m\000e\000\040\000K\000a\000z\000a\000n\000c\001\061\000n\001\061\000n\000\040\000H\000e\000s\000a\000b\001\061}{section.4}% 13
\BOOKMARK [1][-]{section.5}{\376\377\000L\000y\000a\000p\000u\000n\000o\000v\000\040\000T\000a\000b\000a\000n\000l\001\061\000\040\000A\000d\000a\000p\000t\000a\000s\000y\000o\000n\000\040\000K\000u\000r\000a\000l\000l\000a\000r\001\061}{}% 14
\BOOKMARK [2][-]{subsection.5.1}{\376\377\000L\000y\000a\000p\000u\000n\000o\000v\000\040\000F\000o\000n\000k\000s\000i\000y\000o\000n\000u}{section.5}% 15
\BOOKMARK [2][-]{subsection.5.2}{\376\377\000L\000y\000a\000p\000u\000n\000o\000v\000\040\000D\000e\000n\000k\000l\000e\000m\000i\000\040\000v\000e\000\040\000P\000\040\000M\000a\000t\000r\000i\000s\000i\000n\000i\000n\000\040\000B\000u\000l\000u\000n\000m\000a\000s\001\061}{section.5}% 16
\BOOKMARK [2][-]{subsection.5.3}{\376\377\000Q\000\040\000M\000a\000t\000r\000i\000s\000i\000\040\000T\000a\000s\000a\000r\001\061\000m\001\061\000:\000\040\000H\000i\000d\000r\000o\000l\000i\000k\000\040\000S\000e\000r\000t\000l\000i\000k\000\040\000T\000u\000z\000a\001\037\001\061}{section.5}% 17
\BOOKMARK [3][-]{subsubsection.5.3.1}{\376\377\000P\000r\000o\000b\000l\000e\000m\000:\000\040\000N\000a\000i\000f\000\040\000Q\000\040\000S\000e\000\347\000i\000m\000i}{subsection.5.3}% 18
\BOOKMARK [3][-]{subsubsection.5.3.2}{\376\377\000\307\000\366\000z\000\374\000m\000:\000\040\000B\000a\000s\001\061\000n\000c\001\061\000\040\000Q\000\040\000i\000l\000e\000\040\000B\000a\000s\000t\001\061\000r\000m\000a}{subsection.5.3}% 19
\BOOKMARK [2][-]{subsection.5.4}{\376\377\000A\000d\000a\000p\000t\000a\000s\000y\000o\000n\000\040\000K\000u\000r\000a\000l\000l\000a\000r\001\061}{section.5}% 20
\BOOKMARK [3][-]{subsubsection.5.4.1}{\376\377\000G\000e\000r\000i\000\040\000B\000e\000s\000l\000e\000m\000e\000\040\000K\000a\000z\000a\000n\000c\001\061\000\040\000\050\000\051}{subsection.5.4}% 21
\BOOKMARK [3][-]{subsubsection.5.4.2}{\376\377\001\060\000l\000e\000r\000i\000\040\000B\000e\000s\000l\000e\000m\000e\000\040\000K\000a\000z\000a\000n\000c\001\061\000\040\000\050\000\051}{subsection.5.4}% 22
\BOOKMARK [1][-]{section.6}{\376\377\000T\000a\000s\000a\000r\001\061\000m\000\040\000Z\000o\000r\000l\000u\000k\000l\000a\000r\001\061\000\040\000v\000e\000\040\000M\000\374\000h\000e\000n\000d\000i\000s\000l\000i\000k\000\040\000\307\000\366\000z\000\374\000m\000l\000e\000r\000i}{}% 23
\BOOKMARK [2][-]{subsection.6.1}{\376\377\000P\000r\000o\000b\000l\000e\000m\000\040\0001\000:\000\040\000B\000a\000s\001\061\000n\000\347\000\040\000K\000a\000z\000a\000n\000c\001\061\000n\001\061\000n\000\040\000A\000d\000a\000p\000t\000a\000s\000y\000o\000n\000u\000\040\000\050\000C\000h\000a\000t\000t\000e\000r\000i\000n\000g\000\051}{section.6}% 24
\BOOKMARK [3][-]{subsubsection.6.1.1}{\376\377\000F\000i\000z\000i\000k\000s\000e\000l\000\040\000A\000\347\001\061\000k\000l\000a\000m\000a}{subsection.6.1}% 25
\BOOKMARK [3][-]{subsubsection.6.1.2}{\376\377\000\307\000\366\000z\000\374\000m\000:\000\040\000K\001\061\000s\000m\000i\000\040\000D\000u\000r\000u\000m\000\040\000G\000e\000r\000i\000\040\000B\000e\000s\000l\000e\000m\000e\000l\000i\000\040\000A\000d\000a\000p\000t\000a\000s\000y\000o\000n}{subsection.6.1}% 26
\BOOKMARK [2][-]{subsection.6.2}{\376\377\000P\000r\000o\000b\000l\000e\000m\000\040\0002\000:\000\040\000K\000a\000z\000a\000n\000\347\000\040\001\136\000i\001\137\000m\000e\000s\000i\000\040\000v\000e\000\040\000e\000-\000M\000o\000d\000i\000f\000i\000k\000a\000s\000y\000o\000n\000u}{section.6}% 27
\BOOKMARK [3][-]{subsubsection.6.2.1}{\376\377\000\307\000\366\000z\000\374\000m\000:\000\040\000e\000-\000M\000o\000d\000i\000f\000i\000k\000a\000s\000y\000o\000n\000u\000\040\000\050\000S\001\061\000n\001\061\000r\000l\001\061\000\040\000H\000a\000t\000a\000\040\000O\000r\000a\000n\000t\001\061\000l\001\061\000\040\000S\001\061\000z\001\061\000n\000t\001\061\000\051}{subsection.6.2}% 28
\BOOKMARK [2][-]{subsection.6.3}{\376\377\000P\000r\000o\000b\000l\000e\000m\000\040\0003\000:\000\040\000B\000a\001\137\000l\000a\000n\000g\001\061\000\347\000\040\000K\000a\000z\000a\000n\000\347\000\040\001\060\001\137\000a\000r\000e\000t\000l\000e\000r\000i}{section.6}% 29
\BOOKMARK [1][-]{section.7}{\376\377\000A\000d\000a\000p\000t\000a\000s\000y\000o\000n\000\040\000P\000a\000r\000a\000m\000e\000t\000r\000e\000l\000e\000r\000i\000n\000i\000n\000\040\000A\000y\000a\000r\000l\000a\000n\000m\000a\000s\001\061}{}% 30
\BOOKMARK [2][-]{subsection.7.1}{\376\377\000A\000d\000a\000p\000t\000a\000s\000y\000o\000n\000\040\000H\001\061\000z\001\061\000\040\000\050\000\051}{section.7}% 31
\BOOKMARK [2][-]{subsection.7.2}{\376\377\000A\000y\000a\000r\000\040\000S\000t\000r\000a\000t\000e\000j\000i\000s\000i\000\040\000\050\000T\000u\000n\000i\000n\000g\000\040\000R\000e\000c\000i\000p\000e\000\051}{section.7}% 32
\BOOKMARK [1][-]{section.8}{\376\377\000S\000i\000m\000\374\000l\000a\000s\000y\000o\000n\000\040\000S\000o\000n\000u\000\347\000l\000a\000r\001\061}{}% 33
\BOOKMARK [2][-]{subsection.8.1}{\376\377\000T\000e\000s\000t\000\040\0001\000:\000\040\000S\000t\000a\000b\000i\000l\000i\000z\000a\000s\000y\000o\000n\000\040\000\050\000R\000e\000g\000\374\000l\000a\000s\000y\000o\000n\000\051}{section.8}% 34
\BOOKMARK [2][-]{subsection.8.2}{\376\377\000T\000e\000s\000t\000\040\0002\000:\000\040\000A\000d\001\061\000m\000\040\000Y\000a\000n\001\061\000t\001\061\000\040\000\050\000S\000t\000e\000p\000\040\000R\000e\000s\000p\000o\000n\000s\000e\000\051}{section.8}% 35
\BOOKMARK [2][-]{subsection.8.3}{\376\377\000T\000e\000s\000t\000\040\0003\000:\000\040\000S\000i\000n\000\374\000z\000o\000i\000d\000a\000l\000\040\000Y\000\366\000r\000\374\000n\000g\000e\000\040\000T\000a\000k\000i\000b\000i}{section.8}% 36
\BOOKMARK [2][-]{subsection.8.4}{\376\377\000T\000e\000s\000t\000\040\0004\000:\000\040\000D\001\061\001\137\000\040\000K\000u\000v\000v\000e\000t\000\040\000B\000o\000z\000u\000c\000u\000s\000u}{section.8}% 37
\BOOKMARK [1][-]{section.9}{\376\377\000K\000a\000z\000a\000n\000\347\000\040\000G\000r\000a\000f\000i\000k\000l\000e\000r\000i\000n\000i\000n\000\040\000O\000k\000u\000n\000m\000a\000s\001\061}{}% 38
\BOOKMARK [2][-]{subsection.9.1}{\376\377\0001\000\040\000\050\000K\000o\000n\000u\000m\000\040\000K\000a\000z\000a\000n\000c\001\061\000\051}{section.9}% 39
\BOOKMARK [2][-]{subsection.9.2}{\376\377\0002\000\040\000\050\000H\001\061\000z\000\040\000K\000a\000z\000a\000n\000c\001\061\000\051}{section.9}% 40
\BOOKMARK [2][-]{subsection.9.3}{\376\377\0003\000\040\000\050\000B\000a\000s\001\061\000n\000\347\000\040\000K\000a\000z\000a\000n\000c\001\061\000\051}{section.9}% 41
\BOOKMARK [2][-]{subsection.9.4}{\376\377\000\040\000\050\001\060\000l\000e\000r\000i\000\040\000B\000e\000s\000l\000e\000m\000e\000\040\000K\000a\000z\000a\000n\000c\001\061\000\051}{section.9}% 42
\BOOKMARK [1][-]{section.10}{\376\377\000P\000a\000r\000a\000m\000e\000t\000r\000e\000\040\000\326\000z\000e\000t\000\040\000T\000a\000b\000l\000o\000s\000u}{}% 43
\BOOKMARK [1][-]{section.11}{\376\377\000S\000o\000n\000u\000\347\000\040\000v\000e\000\040\000T\000a\000r\000t\001\061\001\137\000m\000a}{}% 44
